Component: ARM Compiler 5.06 update 7 (build 960) Tool: armlink [4d3601]

==============================================================================

Section Cross References

    main.o(.text) refers to stm32f10x_rcc.o(.text) for RCC_APB2PeriphClockCmd
    main.o(.text) refers to stm32f10x_gpio.o(.text) for GPIO_Init
    main.o(.text) refers to gui.o(.text) for GUI_ShowCHinese
    main.o(.text) refers to aht20-21_demo_v1_3.o(.text) for AHT20_Read_CTdata
    main.o(.text) refers to delay.o(.text) for delay_init
    main.o(.text) refers to oled.o(.text) for OLED_Init
    main.o(.text) refers to main.o(.bss) for temp
    main.o(.text) refers to main.o(.data) for CT_data
    system_stm32f10x.o(.text) refers to system_stm32f10x.o(.data) for SystemCoreClock
    gui.o(.text) refers to oled.o(.text) for OLED_Set_Pixel
    gui.o(.text) refers to gui.o(.constdata) for F8X16
    test.o(.text) refers to gui.o(.text) for GUI_ShowCHinese
    test.o(.text) refers to delay.o(.text) for delay_ms
    test.o(.text) refers to oled.o(.text) for OLED_Clear
    test.o(.text) refers to test.o(.data) for BMP2
    test.o(.text) refers to rand.o(.text) for srand
    oled.o(.text) refers to stm32f10x_gpio.o(.text) for GPIO_SetBits
    oled.o(.text) refers to spi.o(.text) for SPI_WriteByte
    oled.o(.text) refers to memseta.o(.text) for __aeabi_memset
    oled.o(.text) refers to delay.o(.text) for delay_ms
    oled.o(.text) refers to stm32f10x_rcc.o(.text) for RCC_APB2PeriphClockCmd
    oled.o(.text) refers to oled.o(.bss) for OLED_buffer
    spi.o(.text) refers to stm32f10x_rcc.o(.text) for RCC_APB2PeriphClockCmd
    spi.o(.text) refers to stm32f10x_gpio.o(.text) for GPIO_Init
    spi.o(.text) refers to stm32f10x_spi.o(.text) for SPI_Init
    aht20-21_demo_v1_3.o(.text) refers to stm32f10x_gpio.o(.text) for GPIO_Init
    delay.o(.text) refers to misc.o(.text) for SysTick_CLKSourceConfig
    delay.o(.text) refers to system_stm32f10x.o(.data) for SystemCoreClock
    delay.o(.text) refers to delay.o(.data) for fac_us
    startup_stm32f10x_hd.o(RESET) refers to startup_stm32f10x_hd.o(STACK) for __initial_sp
    startup_stm32f10x_hd.o(RESET) refers to startup_stm32f10x_hd.o(.text) for Reset_Handler
    startup_stm32f10x_hd.o(RESET) refers to stm32f10x_it.o(.text) for NMI_Handler
    startup_stm32f10x_hd.o(.text) refers to system_stm32f10x.o(.text) for SystemInit
    startup_stm32f10x_hd.o(.text) refers to entry.o(.ARM.Collect$$$$00000000) for __main
    stm32f10x_gpio.o(.text) refers to stm32f10x_rcc.o(.text) for RCC_APB2PeriphResetCmd
    stm32f10x_rcc.o(.text) refers to stm32f10x_rcc.o(.data) for APBAHBPrescTable
    stm32f10x_spi.o(.text) refers to stm32f10x_rcc.o(.text) for RCC_APB2PeriphResetCmd
    entry.o(.ARM.Collect$$$$00000000) refers (Special) to entry10a.o(.ARM.Collect$$$$0000000F) for __rt_final_cpp
    entry.o(.ARM.Collect$$$$00000000) refers (Special) to entry11a.o(.ARM.Collect$$$$00000011) for __rt_final_exit
    entry.o(.ARM.Collect$$$$00000000) refers (Special) to entry12b.o(.ARM.Collect$$$$0000000E) for __rt_lib_shutdown_fini
    entry.o(.ARM.Collect$$$$00000000) refers (Special) to entry7b.o(.ARM.Collect$$$$00000008) for _main_clock
    entry.o(.ARM.Collect$$$$00000000) refers (Special) to entry8b.o(.ARM.Collect$$$$0000000A) for _main_cpp_init
    entry.o(.ARM.Collect$$$$00000000) refers (Special) to entry9a.o(.ARM.Collect$$$$0000000B) for _main_init
    entry.o(.ARM.Collect$$$$00000000) refers (Special) to entry5.o(.ARM.Collect$$$$00000004) for _main_scatterload
    entry.o(.ARM.Collect$$$$00000000) refers (Special) to entry2.o(.ARM.Collect$$$$00000001) for _main_stk
    rand.o(.text) refers to rand.o(.data) for .data
    entry2.o(.ARM.Collect$$$$00000001) refers to entry2.o(.ARM.Collect$$$$00002712) for __lit__00000000
    entry2.o(.ARM.Collect$$$$00002712) refers to startup_stm32f10x_hd.o(STACK) for __initial_sp
    entry2.o(__vectab_stack_and_reset_area) refers to startup_stm32f10x_hd.o(STACK) for __initial_sp
    entry2.o(__vectab_stack_and_reset_area) refers to entry.o(.ARM.Collect$$$$00000000) for __main
    entry5.o(.ARM.Collect$$$$00000004) refers to init.o(.text) for __scatterload
    entry9a.o(.ARM.Collect$$$$0000000B) refers to main.o(.text) for main
    entry9b.o(.ARM.Collect$$$$0000000C) refers to main.o(.text) for main
    init.o(.text) refers to entry5.o(.ARM.Collect$$$$00000004) for __main_after_scatterload


==============================================================================

Removing Unused input sections from the image.

    Removing test.o(.text), (2440 bytes).
    Removing test.o(.data), (3296 bytes).
    Removing sys.o(.emb_text), (6 bytes).
    Removing sys.o(.text), (12 bytes).
    Removing core_cm3.o(.emb_text), (32 bytes).
    Removing startup_stm32f10x_hd.o(HEAP), (512 bytes).

6 unused section(s) (total 6298 bytes) removed from the image.

==============================================================================

Image Symbol Table

    Local Symbols

    Symbol Name                              Value     Ov Type        Size  Object(Section)

    ../clib/microlib/init/entry.s            0x00000000   Number         0  entry10b.o ABSOLUTE
    ../clib/microlib/init/entry.s            0x00000000   Number         0  entry12a.o ABSOLUTE
    ../clib/microlib/init/entry.s            0x00000000   Number         0  entry11b.o ABSOLUTE
    ../clib/microlib/init/entry.s            0x00000000   Number         0  entry11a.o ABSOLUTE
    ../clib/microlib/init/entry.s            0x00000000   Number         0  entry.o ABSOLUTE
    ../clib/microlib/init/entry.s            0x00000000   Number         0  entry10a.o ABSOLUTE
    ../clib/microlib/init/entry.s            0x00000000   Number         0  entry9b.o ABSOLUTE
    ../clib/microlib/init/entry.s            0x00000000   Number         0  entry9a.o ABSOLUTE
    ../clib/microlib/init/entry.s            0x00000000   Number         0  entry8b.o ABSOLUTE
    ../clib/microlib/init/entry.s            0x00000000   Number         0  entry8a.o ABSOLUTE
    ../clib/microlib/init/entry.s            0x00000000   Number         0  entry2.o ABSOLUTE
    ../clib/microlib/init/entry.s            0x00000000   Number         0  entry7b.o ABSOLUTE
    ../clib/microlib/init/entry.s            0x00000000   Number         0  entry7a.o ABSOLUTE
    ../clib/microlib/init/entry.s            0x00000000   Number         0  entry5.o ABSOLUTE
    ../clib/microlib/init/entry.s            0x00000000   Number         0  entry12b.o ABSOLUTE
    ../clib/microlib/stdlib/rand.c           0x00000000   Number         0  rand.o ABSOLUTE
    ../clib/microlib/string/memset.c         0x00000000   Number         0  memseta.o ABSOLUTE
    ..\CORE\core_cm3.c                       0x00000000   Number         0  core_cm3.o ABSOLUTE
    ..\CORE\startup_stm32f10x_hd.s           0x00000000   Number         0  startup_stm32f10x_hd.o ABSOLUTE
    ..\HARDWARE\AHT20-21 DEMO V1_3\AHT20-21_DEMO_V1_3.c 0x00000000   Number         0  aht20-21_demo_v1_3.o ABSOLUTE
    ..\HARDWARE\OLED\oled.c                  0x00000000   Number         0  oled.o ABSOLUTE
    ..\HARDWARE\SPI\spi.c                    0x00000000   Number         0  spi.o ABSOLUTE
    ..\STM32F10x_FWLib\src\misc.c            0x00000000   Number         0  misc.o ABSOLUTE
    ..\STM32F10x_FWLib\src\stm32f10x_gpio.c  0x00000000   Number         0  stm32f10x_gpio.o ABSOLUTE
    ..\STM32F10x_FWLib\src\stm32f10x_rcc.c   0x00000000   Number         0  stm32f10x_rcc.o ABSOLUTE
    ..\STM32F10x_FWLib\src\stm32f10x_spi.c   0x00000000   Number         0  stm32f10x_spi.o ABSOLUTE
    ..\SYSTEM\delay\delay.c                  0x00000000   Number         0  delay.o ABSOLUTE
    ..\SYSTEM\sys\sys.c                      0x00000000   Number         0  sys.o ABSOLUTE
    ..\USER\gui.c                            0x00000000   Number         0  gui.o ABSOLUTE
    ..\USER\main.c                           0x00000000   Number         0  main.o ABSOLUTE
    ..\USER\stm32f10x_it.c                   0x00000000   Number         0  stm32f10x_it.o ABSOLUTE
    ..\USER\system_stm32f10x.c               0x00000000   Number         0  system_stm32f10x.o ABSOLUTE
    ..\USER\test.c                           0x00000000   Number         0  test.o ABSOLUTE
    ..\\CORE\\core_cm3.c                     0x00000000   Number         0  core_cm3.o ABSOLUTE
    ..\\SYSTEM\\sys\\sys.c                   0x00000000   Number         0  sys.o ABSOLUTE
    dc.s                                     0x00000000   Number         0  dc.o ABSOLUTE
    handlers.s                               0x00000000   Number         0  handlers.o ABSOLUTE
    init.s                                   0x00000000   Number         0  init.o ABSOLUTE
    RESET                                    0x08000000   Section      304  startup_stm32f10x_hd.o(RESET)
    .ARM.Collect$$$$00000000                 0x08000130   Section        0  entry.o(.ARM.Collect$$$$00000000)
    .ARM.Collect$$$$00000001                 0x08000130   Section        4  entry2.o(.ARM.Collect$$$$00000001)
    .ARM.Collect$$$$00000004                 0x08000134   Section        4  entry5.o(.ARM.Collect$$$$00000004)
    .ARM.Collect$$$$00000008                 0x08000138   Section        0  entry7b.o(.ARM.Collect$$$$00000008)
    .ARM.Collect$$$$0000000A                 0x08000138   Section        0  entry8b.o(.ARM.Collect$$$$0000000A)
    .ARM.Collect$$$$0000000B                 0x08000138   Section        8  entry9a.o(.ARM.Collect$$$$0000000B)
    .ARM.Collect$$$$0000000E                 0x08000140   Section        4  entry12b.o(.ARM.Collect$$$$0000000E)
    .ARM.Collect$$$$0000000F                 0x08000144   Section        0  entry10a.o(.ARM.Collect$$$$0000000F)
    .ARM.Collect$$$$00000011                 0x08000144   Section        0  entry11a.o(.ARM.Collect$$$$00000011)
    .ARM.Collect$$$$00002712                 0x08000144   Section        4  entry2.o(.ARM.Collect$$$$00002712)
    __lit__00000000                          0x08000144   Data           4  entry2.o(.ARM.Collect$$$$00002712)
    .text                                    0x08000148   Section        0  main.o(.text)
    .text                                    0x080003b0   Section        0  stm32f10x_it.o(.text)
    .text                                    0x080003cc   Section        0  system_stm32f10x.o(.text)
    SetSysClockTo72                          0x080003cd   Thumb Code   214  system_stm32f10x.o(.text)
    SetSysClock                              0x080004a3   Thumb Code     8  system_stm32f10x.o(.text)
    .text                                    0x080005ac   Section        0  gui.o(.text)
    _draw_circle_8                           0x08000731   Thumb Code   132  gui.o(.text)
    _swap                                    0x080008a7   Thumb Code    10  gui.o(.text)
    _draw_h_line                             0x080008b1   Thumb Code    40  gui.o(.text)
    mypow                                    0x08000c49   Thumb Code    22  gui.o(.text)
    .text                                    0x08001114   Section        0  oled.o(.text)
    .text                                    0x080013ec   Section        0  spi.o(.text)
    .text                                    0x080014d4   Section        0  aht20-21_demo_v1_3.o(.text)
    .text                                    0x08001b94   Section        0  delay.o(.text)
    .text                                    0x08001c68   Section       36  startup_stm32f10x_hd.o(.text)
    .text                                    0x08001c8c   Section        0  misc.o(.text)
    .text                                    0x08001d68   Section        0  stm32f10x_gpio.o(.text)
    .text                                    0x080020c4   Section        0  stm32f10x_rcc.o(.text)
    .text                                    0x08002468   Section        0  stm32f10x_spi.o(.text)
    .text                                    0x08002774   Section        0  memseta.o(.text)
    .text                                    0x08002798   Section       36  init.o(.text)
    i.__scatterload_copy                     0x080027bc   Section       14  handlers.o(i.__scatterload_copy)
    i.__scatterload_null                     0x080027ca   Section        2  handlers.o(i.__scatterload_null)
    i.__scatterload_zeroinit                 0x080027cc   Section       14  handlers.o(i.__scatterload_zeroinit)
    .constdata                               0x080027da   Section     3946  gui.o(.constdata)
    .data                                    0x20000000   Section       16  main.o(.data)
    .data                                    0x20000010   Section       20  system_stm32f10x.o(.data)
    .data                                    0x20000024   Section        4  delay.o(.data)
    fac_us                                   0x20000024   Data           1  delay.o(.data)
    fac_ms                                   0x20000026   Data           2  delay.o(.data)
    .data                                    0x20000028   Section       20  stm32f10x_rcc.o(.data)
    APBAHBPrescTable                         0x20000028   Data          16  stm32f10x_rcc.o(.data)
    ADCPrescTable                            0x20000038   Data           4  stm32f10x_rcc.o(.data)
    .bss                                     0x2000003c   Section       20  main.o(.bss)
    .bss                                     0x20000050   Section     1024  oled.o(.bss)
    OLED_buffer                              0x20000050   Data        1024  oled.o(.bss)
    STACK                                    0x20000450   Section     1024  startup_stm32f10x_hd.o(STACK)

    Global Symbols

    Symbol Name                              Value     Ov Type        Size  Object(Section)

    BuildAttributes$$THM_ISAv4$P$D$K$B$S$PE$A:L22UL41UL21$X:L11$S22US41US21$IEEE1$IW$USESV6$~STKCKD$USESV7$~SHL$OSPACE$EBA8$MICROLIB$REQ8$PRES8$EABIv2 0x00000000   Number         0  anon$$obj.o ABSOLUTE
    __ARM_use_no_argv                        0x00000000   Number         0  main.o ABSOLUTE
    __arm_fini_                               - Undefined Weak Reference
    __cpp_initialize__aeabi_                  - Undefined Weak Reference
    __cxa_finalize                            - Undefined Weak Reference
    __decompress                              - Undefined Weak Reference
    _clock_init                               - Undefined Weak Reference
    _microlib_exit                            - Undefined Weak Reference
    __Vectors_Size                           0x00000130   Number         0  startup_stm32f10x_hd.o ABSOLUTE
    __Vectors                                0x08000000   Data           4  startup_stm32f10x_hd.o(RESET)
    __Vectors_End                            0x08000130   Data           0  startup_stm32f10x_hd.o(RESET)
    __main                                   0x08000131   Thumb Code     0  entry.o(.ARM.Collect$$$$00000000)
    _main_stk                                0x08000131   Thumb Code     0  entry2.o(.ARM.Collect$$$$00000001)
    _main_scatterload                        0x08000135   Thumb Code     0  entry5.o(.ARM.Collect$$$$00000004)
    __main_after_scatterload                 0x08000139   Thumb Code     0  entry5.o(.ARM.Collect$$$$00000004)
    _main_clock                              0x08000139   Thumb Code     0  entry7b.o(.ARM.Collect$$$$00000008)
    _main_cpp_init                           0x08000139   Thumb Code     0  entry8b.o(.ARM.Collect$$$$0000000A)
    _main_init                               0x08000139   Thumb Code     0  entry9a.o(.ARM.Collect$$$$0000000B)
    __rt_lib_shutdown_fini                   0x08000141   Thumb Code     0  entry12b.o(.ARM.Collect$$$$0000000E)
    __rt_final_cpp                           0x08000145   Thumb Code     0  entry10a.o(.ARM.Collect$$$$0000000F)
    __rt_final_exit                          0x08000145   Thumb Code     0  entry11a.o(.ARM.Collect$$$$00000011)
    GPIOC13_Init                             0x08000149   Thumb Code    50  main.o(.text)
    showData                                 0x0800017b   Thumb Code   100  main.o(.text)
    getData                                  0x080001df   Thumb Code   190  main.o(.text)
    Init                                     0x0800029d   Thumb Code   160  main.o(.text)
    main                                     0x0800033d   Thumb Code    32  main.o(.text)
    NMI_Handler                              0x080003b1   Thumb Code     2  stm32f10x_it.o(.text)
    HardFault_Handler                        0x080003b3   Thumb Code     4  stm32f10x_it.o(.text)
    MemManage_Handler                        0x080003b7   Thumb Code     4  stm32f10x_it.o(.text)
    BusFault_Handler                         0x080003bb   Thumb Code     4  stm32f10x_it.o(.text)
    UsageFault_Handler                       0x080003bf   Thumb Code     4  stm32f10x_it.o(.text)
    SVC_Handler                              0x080003c3   Thumb Code     2  stm32f10x_it.o(.text)
    DebugMon_Handler                         0x080003c5   Thumb Code     2  stm32f10x_it.o(.text)
    PendSV_Handler                           0x080003c7   Thumb Code     2  stm32f10x_it.o(.text)
    SysTick_Handler                          0x080003c9   Thumb Code     2  stm32f10x_it.o(.text)
    SystemInit                               0x080004ab   Thumb Code    78  system_stm32f10x.o(.text)
    SystemCoreClockUpdate                    0x080004f9   Thumb Code   142  system_stm32f10x.o(.text)
    GUI_DrawPoint                            0x080005ad   Thumb Code    24  gui.o(.text)
    GUI_Fill                                 0x080005c5   Thumb Code    78  gui.o(.text)
    GUI_DrawLine                             0x08000613   Thumb Code   176  gui.o(.text)
    GUI_DrawRectangle                        0x080006c3   Thumb Code    74  gui.o(.text)
    GUI_FillRectangle                        0x0800070d   Thumb Code    36  gui.o(.text)
    GUI_DrawCircle                           0x080007b5   Thumb Code    82  gui.o(.text)
    GUI_FillCircle                           0x08000807   Thumb Code    96  gui.o(.text)
    GUI_DrawTriangel                         0x08000867   Thumb Code    64  gui.o(.text)
    GUI_FillTriangel                         0x080008d9   Thumb Code   508  gui.o(.text)
    GUI_ShowChar                             0x08000ad5   Thumb Code   262  gui.o(.text)
    GUI_ShowString                           0x08000bdb   Thumb Code   110  gui.o(.text)
    GUI_ShowNum                              0x08000c5f   Thumb Code   170  gui.o(.text)
    GUI_ShowFont16                           0x08000d09   Thumb Code   236  gui.o(.text)
    GUI_ShowFont24                           0x08000df5   Thumb Code   272  gui.o(.text)
    GUI_ShowFont32                           0x08000f05   Thumb Code   244  gui.o(.text)
    GUI_ShowCHinese                          0x08000ff9   Thumb Code   106  gui.o(.text)
    GUI_DrawBMP                              0x08001063   Thumb Code   172  gui.o(.text)
    OLED_WR_Byte                             0x08001115   Thumb Code    60  oled.o(.text)
    OLED_Set_Pos                             0x08001151   Thumb Code    56  oled.o(.text)
    OLED_Display_On                          0x08001189   Thumb Code    28  oled.o(.text)
    OLED_Display_Off                         0x080011a5   Thumb Code    28  oled.o(.text)
    OLED_Set_Pixel                           0x080011c1   Thumb Code   122  oled.o(.text)
    OLED_Display                             0x0800123b   Thumb Code    68  oled.o(.text)
    OLED_Clear                               0x0800127f   Thumb Code    36  oled.o(.text)
    OLED_Reset                               0x080012a3   Thumb Code    46  oled.o(.text)
    OLED_Init_GPIO                           0x080012d1   Thumb Code    50  oled.o(.text)
    OLED_Init                                0x08001303   Thumb Code   222  oled.o(.text)
    SPI_WriteByte                            0x080013ed   Thumb Code    34  spi.o(.text)
    SPI_SetSpeed                             0x0800140f   Thumb Code    38  spi.o(.text)
    SPI2_Init                                0x08001435   Thumb Code   150  spi.o(.text)
    Delay_N10us                              0x080014d5   Thumb Code    24  aht20-21_demo_v1_3.o(.text)
    SensorDelay_us                           0x080014ed   Thumb Code    22  aht20-21_demo_v1_3.o(.text)
    Delay_4us                                0x08001503   Thumb Code    28  aht20-21_demo_v1_3.o(.text)
    Delay_5us                                0x0800151f   Thumb Code    34  aht20-21_demo_v1_3.o(.text)
    Delay_1ms                                0x08001541   Thumb Code    24  aht20-21_demo_v1_3.o(.text)
    SDA_Pin_Output_High                      0x08001559   Thumb Code    38  aht20-21_demo_v1_3.o(.text)
    SDA_Pin_Output_Low                       0x0800157f   Thumb Code    38  aht20-21_demo_v1_3.o(.text)
    SDA_Pin_IN_FLOATING                      0x080015a5   Thumb Code    30  aht20-21_demo_v1_3.o(.text)
    SCL_Pin_Output_High                      0x080015c3   Thumb Code    12  aht20-21_demo_v1_3.o(.text)
    SCL_Pin_Output_Low                       0x080015cf   Thumb Code    12  aht20-21_demo_v1_3.o(.text)
    Init_I2C_Sensor_Port                     0x080015db   Thumb Code    76  aht20-21_demo_v1_3.o(.text)
    I2C_Start                                0x08001627   Thumb Code    44  aht20-21_demo_v1_3.o(.text)
    AHT20_WR_Byte                            0x08001653   Thumb Code    82  aht20-21_demo_v1_3.o(.text)
    AHT20_RD_Byte                            0x080016a5   Thumb Code    80  aht20-21_demo_v1_3.o(.text)
    Receive_ACK                              0x080016f5   Thumb Code    70  aht20-21_demo_v1_3.o(.text)
    Send_ACK                                 0x0800173b   Thumb Code    54  aht20-21_demo_v1_3.o(.text)
    Send_NOT_ACK                             0x08001771   Thumb Code    54  aht20-21_demo_v1_3.o(.text)
    Stop_I2C                                 0x080017a7   Thumb Code    34  aht20-21_demo_v1_3.o(.text)
    AHT20_Read_Status                        0x080017c9   Thumb Code    34  aht20-21_demo_v1_3.o(.text)
    AHT20_Read_Cal_Enable                    0x080017eb   Thumb Code    26  aht20-21_demo_v1_3.o(.text)
    AHT20_SendAC                             0x08001805   Thumb Code    52  aht20-21_demo_v1_3.o(.text)
    Calc_CRC8                                0x08001839   Thumb Code    58  aht20-21_demo_v1_3.o(.text)
    AHT20_Read_CTdata                        0x08001873   Thumb Code   210  aht20-21_demo_v1_3.o(.text)
    AHT20_Read_CTdata_crc                    0x08001945   Thumb Code   280  aht20-21_demo_v1_3.o(.text)
    AHT20_Init                               0x08001a5d   Thumb Code   116  aht20-21_demo_v1_3.o(.text)
    JH_Reset_REG                             0x08001ad1   Thumb Code   172  aht20-21_demo_v1_3.o(.text)
    AHT20_Start_Init                         0x08001b7d   Thumb Code    22  aht20-21_demo_v1_3.o(.text)
    delay_init                               0x08001b95   Thumb Code    50  delay.o(.text)
    delay_us                                 0x08001bc7   Thumb Code    72  delay.o(.text)
    delay_ms                                 0x08001c0f   Thumb Code    72  delay.o(.text)
    Reset_Handler                            0x08001c69   Thumb Code     8  startup_stm32f10x_hd.o(.text)
    ADC1_2_IRQHandler                        0x08001c83   Thumb Code     0  startup_stm32f10x_hd.o(.text)
    ADC3_IRQHandler                          0x08001c83   Thumb Code     0  startup_stm32f10x_hd.o(.text)
    CAN1_RX1_IRQHandler                      0x08001c83   Thumb Code     0  startup_stm32f10x_hd.o(.text)
    CAN1_SCE_IRQHandler                      0x08001c83   Thumb Code     0  startup_stm32f10x_hd.o(.text)
    DMA1_Channel1_IRQHandler                 0x08001c83   Thumb Code     0  startup_stm32f10x_hd.o(.text)
    DMA1_Channel2_IRQHandler                 0x08001c83   Thumb Code     0  startup_stm32f10x_hd.o(.text)
    DMA1_Channel3_IRQHandler                 0x08001c83   Thumb Code     0  startup_stm32f10x_hd.o(.text)
    DMA1_Channel4_IRQHandler                 0x08001c83   Thumb Code     0  startup_stm32f10x_hd.o(.text)
    DMA1_Channel5_IRQHandler                 0x08001c83   Thumb Code     0  startup_stm32f10x_hd.o(.text)
    DMA1_Channel6_IRQHandler                 0x08001c83   Thumb Code     0  startup_stm32f10x_hd.o(.text)
    DMA1_Channel7_IRQHandler                 0x08001c83   Thumb Code     0  startup_stm32f10x_hd.o(.text)
    DMA2_Channel1_IRQHandler                 0x08001c83   Thumb Code     0  startup_stm32f10x_hd.o(.text)
    DMA2_Channel2_IRQHandler                 0x08001c83   Thumb Code     0  startup_stm32f10x_hd.o(.text)
    DMA2_Channel3_IRQHandler                 0x08001c83   Thumb Code     0  startup_stm32f10x_hd.o(.text)
    DMA2_Channel4_5_IRQHandler               0x08001c83   Thumb Code     0  startup_stm32f10x_hd.o(.text)
    EXTI0_IRQHandler                         0x08001c83   Thumb Code     0  startup_stm32f10x_hd.o(.text)
    EXTI15_10_IRQHandler                     0x08001c83   Thumb Code     0  startup_stm32f10x_hd.o(.text)
    EXTI1_IRQHandler                         0x08001c83   Thumb Code     0  startup_stm32f10x_hd.o(.text)
    EXTI2_IRQHandler                         0x08001c83   Thumb Code     0  startup_stm32f10x_hd.o(.text)
    EXTI3_IRQHandler                         0x08001c83   Thumb Code     0  startup_stm32f10x_hd.o(.text)
    EXTI4_IRQHandler                         0x08001c83   Thumb Code     0  startup_stm32f10x_hd.o(.text)
    EXTI9_5_IRQHandler                       0x08001c83   Thumb Code     0  startup_stm32f10x_hd.o(.text)
    FLASH_IRQHandler                         0x08001c83   Thumb Code     0  startup_stm32f10x_hd.o(.text)
    FSMC_IRQHandler                          0x08001c83   Thumb Code     0  startup_stm32f10x_hd.o(.text)
    I2C1_ER_IRQHandler                       0x08001c83   Thumb Code     0  startup_stm32f10x_hd.o(.text)
    I2C1_EV_IRQHandler                       0x08001c83   Thumb Code     0  startup_stm32f10x_hd.o(.text)
    I2C2_ER_IRQHandler                       0x08001c83   Thumb Code     0  startup_stm32f10x_hd.o(.text)
    I2C2_EV_IRQHandler                       0x08001c83   Thumb Code     0  startup_stm32f10x_hd.o(.text)
    PVD_IRQHandler                           0x08001c83   Thumb Code     0  startup_stm32f10x_hd.o(.text)
    RCC_IRQHandler                           0x08001c83   Thumb Code     0  startup_stm32f10x_hd.o(.text)
    RTCAlarm_IRQHandler                      0x08001c83   Thumb Code     0  startup_stm32f10x_hd.o(.text)
    RTC_IRQHandler                           0x08001c83   Thumb Code     0  startup_stm32f10x_hd.o(.text)
    SDIO_IRQHandler                          0x08001c83   Thumb Code     0  startup_stm32f10x_hd.o(.text)
    SPI1_IRQHandler                          0x08001c83   Thumb Code     0  startup_stm32f10x_hd.o(.text)
    SPI2_IRQHandler                          0x08001c83   Thumb Code     0  startup_stm32f10x_hd.o(.text)
    SPI3_IRQHandler                          0x08001c83   Thumb Code     0  startup_stm32f10x_hd.o(.text)
    TAMPER_IRQHandler                        0x08001c83   Thumb Code     0  startup_stm32f10x_hd.o(.text)
    TIM1_BRK_IRQHandler                      0x08001c83   Thumb Code     0  startup_stm32f10x_hd.o(.text)
    TIM1_CC_IRQHandler                       0x08001c83   Thumb Code     0  startup_stm32f10x_hd.o(.text)
    TIM1_TRG_COM_IRQHandler                  0x08001c83   Thumb Code     0  startup_stm32f10x_hd.o(.text)
    TIM1_UP_IRQHandler                       0x08001c83   Thumb Code     0  startup_stm32f10x_hd.o(.text)
    TIM2_IRQHandler                          0x08001c83   Thumb Code     0  startup_stm32f10x_hd.o(.text)
    TIM3_IRQHandler                          0x08001c83   Thumb Code     0  startup_stm32f10x_hd.o(.text)
    TIM4_IRQHandler                          0x08001c83   Thumb Code     0  startup_stm32f10x_hd.o(.text)
    TIM5_IRQHandler                          0x08001c83   Thumb Code     0  startup_stm32f10x_hd.o(.text)
    TIM6_IRQHandler                          0x08001c83   Thumb Code     0  startup_stm32f10x_hd.o(.text)
    TIM7_IRQHandler                          0x08001c83   Thumb Code     0  startup_stm32f10x_hd.o(.text)
    TIM8_BRK_IRQHandler                      0x08001c83   Thumb Code     0  startup_stm32f10x_hd.o(.text)
    TIM8_CC_IRQHandler                       0x08001c83   Thumb Code     0  startup_stm32f10x_hd.o(.text)
    TIM8_TRG_COM_IRQHandler                  0x08001c83   Thumb Code     0  startup_stm32f10x_hd.o(.text)
    TIM8_UP_IRQHandler                       0x08001c83   Thumb Code     0  startup_stm32f10x_hd.o(.text)
    UART4_IRQHandler                         0x08001c83   Thumb Code     0  startup_stm32f10x_hd.o(.text)
    UART5_IRQHandler                         0x08001c83   Thumb Code     0  startup_stm32f10x_hd.o(.text)
    USART1_IRQHandler                        0x08001c83   Thumb Code     0  startup_stm32f10x_hd.o(.text)
    USART2_IRQHandler                        0x08001c83   Thumb Code     0  startup_stm32f10x_hd.o(.text)
    USART3_IRQHandler                        0x08001c83   Thumb Code     0  startup_stm32f10x_hd.o(.text)
    USBWakeUp_IRQHandler                     0x08001c83   Thumb Code     0  startup_stm32f10x_hd.o(.text)
    USB_HP_CAN1_TX_IRQHandler                0x08001c83   Thumb Code     0  startup_stm32f10x_hd.o(.text)
    USB_LP_CAN1_RX0_IRQHandler               0x08001c83   Thumb Code     0  startup_stm32f10x_hd.o(.text)
    WWDG_IRQHandler                          0x08001c83   Thumb Code     0  startup_stm32f10x_hd.o(.text)
    NVIC_PriorityGroupConfig                 0x08001c8d   Thumb Code    10  misc.o(.text)
    NVIC_Init                                0x08001c97   Thumb Code   100  misc.o(.text)
    NVIC_SetVectorTable                      0x08001cfb   Thumb Code    14  misc.o(.text)
    NVIC_SystemLPConfig                      0x08001d09   Thumb Code    34  misc.o(.text)
    SysTick_CLKSourceConfig                  0x08001d2b   Thumb Code    40  misc.o(.text)
    GPIO_DeInit                              0x08001d69   Thumb Code   172  stm32f10x_gpio.o(.text)
    GPIO_AFIODeInit                          0x08001e15   Thumb Code    20  stm32f10x_gpio.o(.text)
    GPIO_Init                                0x08001e29   Thumb Code   278  stm32f10x_gpio.o(.text)
    GPIO_StructInit                          0x08001f3f   Thumb Code    16  stm32f10x_gpio.o(.text)
    GPIO_ReadInputDataBit                    0x08001f4f   Thumb Code    18  stm32f10x_gpio.o(.text)
    GPIO_ReadInputData                       0x08001f61   Thumb Code     8  stm32f10x_gpio.o(.text)
    GPIO_ReadOutputDataBit                   0x08001f69   Thumb Code    18  stm32f10x_gpio.o(.text)
    GPIO_ReadOutputData                      0x08001f7b   Thumb Code     8  stm32f10x_gpio.o(.text)
    GPIO_SetBits                             0x08001f83   Thumb Code     4  stm32f10x_gpio.o(.text)
    GPIO_ResetBits                           0x08001f87   Thumb Code     4  stm32f10x_gpio.o(.text)
    GPIO_WriteBit                            0x08001f8b   Thumb Code    10  stm32f10x_gpio.o(.text)
    GPIO_Write                               0x08001f95   Thumb Code     4  stm32f10x_gpio.o(.text)
    GPIO_PinLockConfig                       0x08001f99   Thumb Code    18  stm32f10x_gpio.o(.text)
    GPIO_EventOutputConfig                   0x08001fab   Thumb Code    26  stm32f10x_gpio.o(.text)
    GPIO_EventOutputCmd                      0x08001fc5   Thumb Code     6  stm32f10x_gpio.o(.text)
    GPIO_PinRemapConfig                      0x08001fcb   Thumb Code   138  stm32f10x_gpio.o(.text)
    GPIO_EXTILineConfig                      0x08002055   Thumb Code    66  stm32f10x_gpio.o(.text)
    GPIO_ETH_MediaInterfaceConfig            0x08002097   Thumb Code     8  stm32f10x_gpio.o(.text)
    RCC_DeInit                               0x080020c5   Thumb Code    64  stm32f10x_rcc.o(.text)
    RCC_HSEConfig                            0x08002105   Thumb Code    70  stm32f10x_rcc.o(.text)
    RCC_GetFlagStatus                        0x0800214b   Thumb Code    56  stm32f10x_rcc.o(.text)
    RCC_WaitForHSEStartUp                    0x08002183   Thumb Code    56  stm32f10x_rcc.o(.text)
    RCC_AdjustHSICalibrationValue            0x080021bb   Thumb Code    20  stm32f10x_rcc.o(.text)
    RCC_HSICmd                               0x080021cf   Thumb Code     6  stm32f10x_rcc.o(.text)
    RCC_PLLConfig                            0x080021d5   Thumb Code    24  stm32f10x_rcc.o(.text)
    RCC_PLLCmd                               0x080021ed   Thumb Code     6  stm32f10x_rcc.o(.text)
    RCC_SYSCLKConfig                         0x080021f3   Thumb Code    18  stm32f10x_rcc.o(.text)
    RCC_GetSYSCLKSource                      0x08002205   Thumb Code    10  stm32f10x_rcc.o(.text)
    RCC_HCLKConfig                           0x0800220f   Thumb Code    18  stm32f10x_rcc.o(.text)
    RCC_PCLK1Config                          0x08002221   Thumb Code    18  stm32f10x_rcc.o(.text)
    RCC_PCLK2Config                          0x08002233   Thumb Code    20  stm32f10x_rcc.o(.text)
    RCC_ITConfig                             0x08002247   Thumb Code    26  stm32f10x_rcc.o(.text)
    RCC_USBCLKConfig                         0x08002261   Thumb Code     8  stm32f10x_rcc.o(.text)
    RCC_ADCCLKConfig                         0x08002269   Thumb Code    18  stm32f10x_rcc.o(.text)
    RCC_LSEConfig                            0x0800227b   Thumb Code    50  stm32f10x_rcc.o(.text)
    RCC_LSICmd                               0x080022ad   Thumb Code     6  stm32f10x_rcc.o(.text)
    RCC_RTCCLKConfig                         0x080022b3   Thumb Code    12  stm32f10x_rcc.o(.text)
    RCC_RTCCLKCmd                            0x080022bf   Thumb Code     8  stm32f10x_rcc.o(.text)
    RCC_GetClocksFreq                        0x080022c7   Thumb Code   192  stm32f10x_rcc.o(.text)
    RCC_AHBPeriphClockCmd                    0x08002387   Thumb Code    26  stm32f10x_rcc.o(.text)
    RCC_APB2PeriphClockCmd                   0x080023a1   Thumb Code    26  stm32f10x_rcc.o(.text)
    RCC_APB1PeriphClockCmd                   0x080023bb   Thumb Code    26  stm32f10x_rcc.o(.text)
    RCC_APB2PeriphResetCmd                   0x080023d5   Thumb Code    26  stm32f10x_rcc.o(.text)
    RCC_APB1PeriphResetCmd                   0x080023ef   Thumb Code    26  stm32f10x_rcc.o(.text)
    RCC_BackupResetCmd                       0x08002409   Thumb Code     8  stm32f10x_rcc.o(.text)
    RCC_ClockSecuritySystemCmd               0x08002411   Thumb Code     6  stm32f10x_rcc.o(.text)
    RCC_MCOConfig                            0x08002417   Thumb Code     6  stm32f10x_rcc.o(.text)
    RCC_ClearFlag                            0x0800241d   Thumb Code    14  stm32f10x_rcc.o(.text)
    RCC_GetITStatus                          0x0800242b   Thumb Code    20  stm32f10x_rcc.o(.text)
    RCC_ClearITPendingBit                    0x0800243f   Thumb Code     6  stm32f10x_rcc.o(.text)
    SPI_I2S_DeInit                           0x08002469   Thumb Code    76  stm32f10x_spi.o(.text)
    SPI_Init                                 0x080024b5   Thumb Code    60  stm32f10x_spi.o(.text)
    I2S_Init                                 0x080024f1   Thumb Code   226  stm32f10x_spi.o(.text)
    SPI_StructInit                           0x080025d3   Thumb Code    24  stm32f10x_spi.o(.text)
    I2S_StructInit                           0x080025eb   Thumb Code    20  stm32f10x_spi.o(.text)
    SPI_Cmd                                  0x080025ff   Thumb Code    24  stm32f10x_spi.o(.text)
    I2S_Cmd                                  0x08002617   Thumb Code    24  stm32f10x_spi.o(.text)
    SPI_I2S_ITConfig                         0x0800262f   Thumb Code    32  stm32f10x_spi.o(.text)
    SPI_I2S_DMACmd                           0x0800264f   Thumb Code    18  stm32f10x_spi.o(.text)
    SPI_I2S_SendData                         0x08002661   Thumb Code     4  stm32f10x_spi.o(.text)
    SPI_I2S_ReceiveData                      0x08002665   Thumb Code     6  stm32f10x_spi.o(.text)
    SPI_NSSInternalSoftwareConfig            0x0800266b   Thumb Code    30  stm32f10x_spi.o(.text)
    SPI_SSOutputCmd                          0x08002689   Thumb Code    24  stm32f10x_spi.o(.text)
    SPI_DataSizeConfig                       0x080026a1   Thumb Code    18  stm32f10x_spi.o(.text)
    SPI_TransmitCRC                          0x080026b3   Thumb Code    10  stm32f10x_spi.o(.text)
    SPI_CalculateCRC                         0x080026bd   Thumb Code    24  stm32f10x_spi.o(.text)
    SPI_GetCRC                               0x080026d5   Thumb Code    16  stm32f10x_spi.o(.text)
    SPI_GetCRCPolynomial                     0x080026e5   Thumb Code     6  stm32f10x_spi.o(.text)
    SPI_BiDirectionalLineConfig              0x080026eb   Thumb Code    28  stm32f10x_spi.o(.text)
    SPI_I2S_GetFlagStatus                    0x08002707   Thumb Code    18  stm32f10x_spi.o(.text)
    SPI_I2S_ClearFlag                        0x08002719   Thumb Code     6  stm32f10x_spi.o(.text)
    SPI_I2S_GetITStatus                      0x0800271f   Thumb Code    52  stm32f10x_spi.o(.text)
    SPI_I2S_ClearITPendingBit                0x08002753   Thumb Code    20  stm32f10x_spi.o(.text)
    __aeabi_memset                           0x08002775   Thumb Code    14  memseta.o(.text)
    __aeabi_memset4                          0x08002775   Thumb Code     0  memseta.o(.text)
    __aeabi_memset8                          0x08002775   Thumb Code     0  memseta.o(.text)
    __aeabi_memclr                           0x08002783   Thumb Code     4  memseta.o(.text)
    __aeabi_memclr4                          0x08002783   Thumb Code     0  memseta.o(.text)
    __aeabi_memclr8                          0x08002783   Thumb Code     0  memseta.o(.text)
    _memset$wrapper                          0x08002787   Thumb Code    18  memseta.o(.text)
    __scatterload                            0x08002799   Thumb Code    28  init.o(.text)
    __scatterload_rt2                        0x08002799   Thumb Code     0  init.o(.text)
    __scatterload_copy                       0x080027bd   Thumb Code    14  handlers.o(i.__scatterload_copy)
    __scatterload_null                       0x080027cb   Thumb Code     2  handlers.o(i.__scatterload_null)
    __scatterload_zeroinit                   0x080027cd   Thumb Code    14  handlers.o(i.__scatterload_zeroinit)
    F6x8                                     0x080027da   Data         760  gui.o(.constdata)
    F8X16                                    0x08002ad2   Data        1520  gui.o(.constdata)
    cfont16                                  0x080030c2   Data         442  gui.o(.constdata)
    cfont24                                  0x0800327c   Data         444  gui.o(.constdata)
    cfont32                                  0x08003438   Data         780  gui.o(.constdata)
    Region$$Table$$Base                      0x08003744   Number         0  anon$$obj.o(Region$$Table)
    Region$$Table$$Limit                     0x08003764   Number         0  anon$$obj.o(Region$$Table)
    CT_data                                  0x20000000   Data           8  main.o(.data)
    c1                                       0x20000008   Data           4  main.o(.data)
    t1                                       0x2000000c   Data           4  main.o(.data)
    SystemCoreClock                          0x20000010   Data           4  system_stm32f10x.o(.data)
    AHBPrescTable                            0x20000014   Data          16  system_stm32f10x.o(.data)
    temp                                     0x2000003c   Data          10  main.o(.bss)
    hum                                      0x20000046   Data          10  main.o(.bss)
    __initial_sp                             0x20000850   Data           0  startup_stm32f10x_hd.o(STACK)



==============================================================================

Memory Map of the image

  Image Entry point : 0x08000131

  Load Region LR_IROM1 (Base: 0x08000000, Size: 0x000037a0, Max: 0x00080000, ABSOLUTE)

    Execution Region ER_IROM1 (Exec base: 0x08000000, Load base: 0x08000000, Size: 0x00003764, Max: 0x00080000, ABSOLUTE)

    Exec Addr    Load Addr    Size         Type   Attr      Idx    E Section Name        Object

    0x08000000   0x08000000   0x00000130   Data   RO          289    RESET               startup_stm32f10x_hd.o
    0x08000130   0x08000130   0x00000000   Code   RO          344  * .ARM.Collect$$$$00000000  mc_w.l(entry.o)
    0x08000130   0x08000130   0x00000004   Code   RO          352    .ARM.Collect$$$$00000001  mc_w.l(entry2.o)
    0x08000134   0x08000134   0x00000004   Code   RO          355    .ARM.Collect$$$$00000004  mc_w.l(entry5.o)
    0x08000138   0x08000138   0x00000000   Code   RO          357    .ARM.Collect$$$$00000008  mc_w.l(entry7b.o)
    0x08000138   0x08000138   0x00000000   Code   RO          359    .ARM.Collect$$$$0000000A  mc_w.l(entry8b.o)
    0x08000138   0x08000138   0x00000008   Code   RO          360    .ARM.Collect$$$$0000000B  mc_w.l(entry9a.o)
    0x08000140   0x08000140   0x00000004   Code   RO          367    .ARM.Collect$$$$0000000E  mc_w.l(entry12b.o)
    0x08000144   0x08000144   0x00000000   Code   RO          362    .ARM.Collect$$$$0000000F  mc_w.l(entry10a.o)
    0x08000144   0x08000144   0x00000000   Code   RO          364    .ARM.Collect$$$$00000011  mc_w.l(entry11a.o)
    0x08000144   0x08000144   0x00000004   Code   RO          353    .ARM.Collect$$$$00002712  mc_w.l(entry2.o)
    0x08000148   0x08000148   0x00000268   Code   RO            1    .text               main.o
    0x080003b0   0x080003b0   0x0000001a   Code   RO          123    .text               stm32f10x_it.o
    0x080003ca   0x080003ca   0x00000002   PAD
    0x080003cc   0x080003cc   0x000001e0   Code   RO          138    .text               system_stm32f10x.o
    0x080005ac   0x080005ac   0x00000b68   Code   RO          156    .text               gui.o
    0x08001114   0x08001114   0x000002d8   Code   RO          202    .text               oled.o
    0x080013ec   0x080013ec   0x000000e8   Code   RO          222    .text               spi.o
    0x080014d4   0x080014d4   0x000006be   Code   RO          234    .text               aht20-21_demo_v1_3.o
    0x08001b92   0x08001b92   0x00000002   PAD
    0x08001b94   0x08001b94   0x000000d4   Code   RO          246    .text               delay.o
    0x08001c68   0x08001c68   0x00000024   Code   RO          290    .text               startup_stm32f10x_hd.o
    0x08001c8c   0x08001c8c   0x000000dc   Code   RO          294    .text               misc.o
    0x08001d68   0x08001d68   0x0000035c   Code   RO          306    .text               stm32f10x_gpio.o
    0x080020c4   0x080020c4   0x000003a4   Code   RO          318    .text               stm32f10x_rcc.o
    0x08002468   0x08002468   0x0000030c   Code   RO          332    .text               stm32f10x_spi.o
    0x08002774   0x08002774   0x00000024   Code   RO          350    .text               mc_w.l(memseta.o)
    0x08002798   0x08002798   0x00000024   Code   RO          368    .text               mc_w.l(init.o)
    0x080027bc   0x080027bc   0x0000000e   Code   RO          372    i.__scatterload_copy  mc_w.l(handlers.o)
    0x080027ca   0x080027ca   0x00000002   Code   RO          373    i.__scatterload_null  mc_w.l(handlers.o)
    0x080027cc   0x080027cc   0x0000000e   Code   RO          374    i.__scatterload_zeroinit  mc_w.l(handlers.o)
    0x080027da   0x080027da   0x00000f6a   Data   RO          157    .constdata          gui.o
    0x08003744   0x08003744   0x00000020   Data   RO          370    Region$$Table       anon$$obj.o


    Execution Region RW_IRAM1 (Exec base: 0x20000000, Load base: 0x08003764, Size: 0x00000850, Max: 0x00010000, ABSOLUTE)

    Exec Addr    Load Addr    Size         Type   Attr      Idx    E Section Name        Object

    0x20000000   0x08003764   0x00000010   Data   RW            3    .data               main.o
    0x20000010   0x08003774   0x00000014   Data   RW          139    .data               system_stm32f10x.o
    0x20000024   0x08003788   0x00000004   Data   RW          247    .data               delay.o
    0x20000028   0x0800378c   0x00000014   Data   RW          319    .data               stm32f10x_rcc.o
    0x2000003c        -       0x00000014   Zero   RW            2    .bss                main.o
    0x20000050        -       0x00000400   Zero   RW          203    .bss                oled.o
    0x20000450        -       0x00000400   Zero   RW          287    STACK               startup_stm32f10x_hd.o


==============================================================================

Image component sizes


      Code (inc. data)   RO Data    RW Data    ZI Data      Debug   Object Name

      1726          4          0          0          0       6599   aht20-21_demo_v1_3.o
       212         18          0          4          0       1007   delay.o
      2920         22       3946          0          0      11276   gui.o
       616         84          0         16         20     235035   main.o
       220         22          0          0          0       1761   misc.o
       728         12          0          0       1024       2848   oled.o
       232         10          0          0          0       1315   spi.o
        36          8        304          0       1024        772   startup_stm32f10x_hd.o
       860         38          0          0          0       5697   stm32f10x_gpio.o
        26          0          0          0          0       1178   stm32f10x_it.o
       932         36          0         20          0       8860   stm32f10x_rcc.o
       780         14          0          0          0       6578   stm32f10x_spi.o
         0          0          0          0          0         32   sys.o
       480         38          0         20          0       1731   system_stm32f10x.o

    ----------------------------------------------------------------------
      9772        306       4282         60       2068     284689   Object Totals
         0          0         32          0          0          0   (incl. Generated)
         4          0          0          0          0          0   (incl. Padding)

    ----------------------------------------------------------------------

      Code (inc. data)   RO Data    RW Data    ZI Data      Debug   Library Member Name

         0          0          0          0          0          0   entry.o
         0          0          0          0          0          0   entry10a.o
         0          0          0          0          0          0   entry11a.o
         4          0          0          0          0          0   entry12b.o
         8          4          0          0          0          0   entry2.o
         4          0          0          0          0          0   entry5.o
         0          0          0          0          0          0   entry7b.o
         0          0          0          0          0          0   entry8b.o
         8          4          0          0          0          0   entry9a.o
        30          0          0          0          0          0   handlers.o
        36          8          0          0          0         68   init.o
        36          0          0          0          0        108   memseta.o

    ----------------------------------------------------------------------
       126         16          0          0          0        176   Library Totals
         0          0          0          0          0          0   (incl. Padding)

    ----------------------------------------------------------------------

      Code (inc. data)   RO Data    RW Data    ZI Data      Debug   Library Name

       126         16          0          0          0        176   mc_w.l

    ----------------------------------------------------------------------
       126         16          0          0          0        176   Library Totals

    ----------------------------------------------------------------------

==============================================================================


      Code (inc. data)   RO Data    RW Data    ZI Data      Debug   

      9898        322       4282         60       2068     284185   Grand Totals
      9898        322       4282         60       2068     284185   ELF Image Totals
      9898        322       4282         60          0          0   ROM Totals

==============================================================================

    Total RO  Size (Code + RO Data)                14180 (  13.85kB)
    Total RW  Size (RW Data + ZI Data)              2128 (   2.08kB)
    Total ROM Size (Code + RO Data + RW Data)      14240 (  13.91kB)

==============================================================================

